// Jest Snapshot v1, https://goo.gl/fbAQLP

exports[`<Courses> should render correctly 1`] = `
VueWrapper {
  "_emitted": Object {
    "hook:beforeUpdate": Array [
      Array [],
    ],
    "hook:mounted": Array [
      Array [],
    ],
    "hook:updated": Array [
      Array [],
    ],
  },
  "_emittedByOrder": Array [
    Object {
      "args": Array [],
      "name": "hook:mounted",
    },
    Object {
      "args": Array [],
      "name": "hook:beforeUpdate",
    },
    Object {
      "args": Array [],
      "name": "hook:updated",
    },
  ],
  "isFunctionalComponent": undefined,
}
`;
